// Jest Snapshot v1, https://goo.gl/fbAQLP

exports[`renders correctly 1`] = `
<div
  className="full-width"
  data-testid="table"
>
  <Table
    columns={null}
    dataSource={null}
    rowKey="key"
  />
</div>
`;
